Microchip MPLAB XC8 Compiler V2.45

Linker command line:

-W-3 \
  --edf=C:\Program Files\Microchip\xc8\v2.45\pic\dat\20230818022343_en.msgs \
  -cn -h+dist/default/production\Examen3.X.production.sym \
  --cmf=dist/default/production\Examen3.X.production.cmf -z -Q18F4550 \
  -oC:\Users\DDORAN~1\AppData\Local\Temp\xcAs38c.\driver_tmp_3.o \
  --defsym=__MPLAB_BUILD=1 --fixupoverflow=error \
  -Mdist/default/production/Examen3.X.production.map \
  --md=C:\Users\DDORAN~1\AppData\Local\Temp\xcAs38c.\driver_tmp_0.dat -E1 \
  -ver=XC8 Compiler --acfsm=1493 -ACODE=00h-07FFFh -ACONST=00h-07FFFh \
  -ASMALLCONST=0800h-08FFhx120 -AMEDIUMCONST=0800h-07FFFh -ACOMRAM=01h-05Fh \
  -AABS1=00h-07FFh -ABIGRAM=01h-07FFh -ARAM=060h-0FFh,0100h-01FFhx7 \
  -ABANK0=060h-0FFh -ABANK1=0100h-01FFh -ABANK2=0200h-02FFh \
  -ABANK3=0300h-03FFh -ABANK4=0400h-04FFh -ABANK5=0500h-05FFh \
  -ABANK6=0600h-06FFh -ABANK7=0700h-07FFh -ASFR=0F60h-0FFFh \
  -ABIGSFR=0F60h-0FFFh -ACONFIG=0300000h-030000Dh -AIDLOC=0200000h-0200007h \
  -AEEDATA=0F00000h-0F000FFh -peeprom_data=EEDATA \
  -preset_vec=00h,intcode,intcodelo,powerup,init -pramtop=0800h \
  -psmallconst=SMALLCONST -pmediumconst=MEDIUMCONST -pconst=CONST \
  -AFARRAM=00h-00h \
  -prdata=COMRAM,nvrram=COMRAM,nvbit=COMRAM,rbss=COMRAM,rbit=COMRAM \
  -pfarbss=FARRAM,fardata=FARRAM,nvFARRAM=FARRAM \
  -pintsave_regs=BIGRAM,bigbss=BIGRAM,bigdata=BIGRAM -pbss=RAM \
  -pidata=CODE,irdata=CODE,ibigdata=CODE,ifardata=CODE -prparam=COMRAM \
  C:\Users\DDORAN~1\AppData\Local\Temp\xcAs38c.\driver_tmp_9.o \
  dist/default/production\Examen3.X.production.o 

Object code version is 3.11

Machine type is 18F4550



                Name                               Link     Load   Length Selector   Space Scale
C:\Users\DDORAN~1\AppData\Local\Temp\xcAs38c.\driver_tmp_9.o
                config                           300000   300000        E        0       4
                init                                  0        0        4        0       0
dist/default/production\Examen3.X.production.o
                config                           300000   300000        E        0       4
                smallconst                          800      800       10      400       0
                text14                              A60      A60       74      408       0
                text13                              BC8      BC8       38      408       0
                text12                              C90      C90       18      408       0
                text11                              B40      B40       50      408       0
                text10                              B90      B90       38      408       0
                text9                               C36      C36       34      408       0
                text8                               CE0      CE0        A      408       0
                text7                               CEA      CEA        8      408       0
                text6                               AD4      AD4       6C      408       0
                text5                               CBA      CBA       12      408       0
                text4                               C6A      C6A       26      408       0
                text3                               810      810      1DC      408       0
                text2                               CD6      CD6        A      408       0
                text1                               CCC      CCC        A      408       0
                text0                               9EC      9EC       74      408       0
                cstackCOMRAM                          1        1       20        1       1
                dataCOMRAM                           34       34       12        1       1
                bssCOMRAM                            21       21       13        1       1
                cinit                               C00      C00       36      408       0
                idataCOMRAM                         CA8      CA8       12      408       0

TOTAL           Name                               Link     Load   Length     Space
        CLASS   CODE           
                init                                  0        0        4         0
                text14                              A60      A60       74         0
                text13                              BC8      BC8       38         0
                text12                              C90      C90       18         0
                text11                              B40      B40       50         0
                text10                              B90      B90       38         0
                text9                               C36      C36       34         0
                text8                               CE0      CE0        A         0
                text7                               CEA      CEA        8         0
                text6                               AD4      AD4       6C         0
                text5                               CBA      CBA       12         0
                text4                               C6A      C6A       26         0
                text3                               810      810      1DC         0
                text2                               CD6      CD6        A         0
                text1                               CCC      CCC        A         0
                text0                               9EC      9EC       74         0
                cinit                               C00      C00       36         0
                idataCOMRAM                         CA8      CA8       12         0

        CLASS   CONST          

        CLASS   SMALLCONST     
                smallconst                          800      800       10         0

        CLASS   MEDIUMCONST    

        CLASS   COMRAM         
                cstackCOMRAM                          1        1       20         1
                dataCOMRAM                           34       34       12         1
                bssCOMRAM                            21       21       13         1

        CLASS   ABS1           

        CLASS   BIGRAM         

        CLASS   RAM            

        CLASS   BANK0          

        CLASS   BANK1          

        CLASS   BANK2          

        CLASS   BANK3          

        CLASS   BANK4          

        CLASS   BANK5          

        CLASS   BANK6          

        CLASS   BANK7          

        CLASS   SFR            

        CLASS   BIGSFR         

        CLASS   CONFIG         
                config                           300000   300000        E         4

        CLASS   IDLOC          

        CLASS   EEDATA         

        CLASS   FARRAM         

        CLASS   HEAP           

        CLASS   STACK          



SEGMENTS        Name                           Load    Length   Top    Selector   Space  Class

                reset_vec                      000000  000004  000004         0       0  CODE    
                cstackCOMRAM                   000001  000045  000046         1       1  COMRAM  
                smallconst                     000800  000010  000810       400       0  SMALLCON
                text3                          000810  0004E2  000CF2       408       0  CODE    


UNUSED ADDRESS RANGES

        Name                Unused          Largest block    Delta
        BANK0            000060-0000FF               A0
        BANK1            000100-0001FF              100
        BANK2            000200-0002FF              100
        BANK3            000300-0003FF              100
        BANK4            000400-0004FF              100
        BANK5            000500-0005FF              100
        BANK6            000600-0006FF              100
        BANK7            000700-0007FF              100
        BIGRAM           000046-0007FF              7BA
        BIGSFR           000F60-000FFF               A0
        CODE             000004-0007FF              7FC
                         000CF2-007FFF             730E
        COMRAM           000046-00005F               1A
        CONST            000004-0007FF              7FC
                         000CF2-007FFF             730E
        EEDATA           F00000-F000FF              100
        IDLOC            200000-200007                8
        MEDIUMCONST      000CF2-007FFF             730E
        RAM              000060-0007FF              100
        SFR              000F60-000FFF               A0
        SMALLCONST       000CF2-007FFF              100

                                  Symbol Table

?___wmul                  cstackCOMRAM 000001
LCD_Command@cmd           cstackCOMRAM 000004
LCD_Set_Cursor@column     cstackCOMRAM 000005
LCD_Set_Cursor@position   cstackCOMRAM 000009
LCD_Set_Cursor@row        cstackCOMRAM 000008
LCD_Write_Char@data       cstackCOMRAM 000004
LCD_Write_Nibble@nibble   cstackCOMRAM 000002
LCD_Write_String@str      cstackCOMRAM 000005
_ADCON0bits               (abs)        000FC2
_ADCON1bits               (abs)        000FC1
_ADC_Init                 text7        000CEA
_ADRESH                   (abs)        000FC4
_ADRESL                   (abs)        000FC3
_LCD_Clear                text12       000C90
_LCD_Command              text13       000BC8
_LCD_Init                 text6        000AD4
_LCD_Set_Cursor           text11       000B40
_LCD_Write_Char           text10       000B90
_LCD_Write_Nibble         text14       000A60
_LCD_Write_String         text9        000C36
_PIN_correcto             dataCOMRAM   000044
_PIN_ingresado            bssCOMRAM    000032
_PORTBbits                (abs)        000F81
_PORTCbits                (abs)        000F82
_PORTDbits                (abs)        000F83
_TRISB                    (abs)        000F93
_TRISC                    (abs)        000F94
_TRISCbits                (abs)        000F94
__HRAM                    (abs)        000000
__H__absolute__           __absolute__ 000000
__Habs1                   abs1         000000
__Hbank0                  bank0        000000
__Hbank1                  bank1        000000
__Hbank2                  bank2        000000
__Hbank3                  bank3        000000
__Hbank4                  bank4        000000
__Hbank5                  bank5        000000
__Hbank6                  bank6        000000
__Hbank7                  bank7        000000
__Hbigbss                 bigbss       000000
__Hbigdata                bigdata      000000
__Hbigram                 bigram       000000
__Hbigsfr                 bigsfr       000000
__Hbss                    bss          000000
__HbssCOMRAM              bssCOMRAM    000000
__Hcinit                  cinit        000000
__Hclrtext                clrtext      000000
__Hcomram                 comram       000000
__Hconfig                 config       30000E
__Hconst                  const        000000
__HcstackCOMRAM           cstackCOMRAM 000000
__Hdata                   data         000000
__HdataCOMRAM             dataCOMRAM   000000
__Heeprom_data            eeprom_data  000000
__Hfarbss                 farbss       000000
__Hfardata                fardata      000000
__Hheap                   heap         000000
__Hibigdata               ibigdata     000000
__Hidata                  idata        000000
__HidataCOMRAM            idataCOMRAM  000000
__Hidloc                  idloc        000000
__Hifardata               ifardata     000000
__Hinit                   init         000004
__Hintcode                intcode      000000
__Hintcode_body           intcode_body 000000
__Hintcodelo              intcodelo    000000
__Hintentry               intentry     000000
__Hintret                 intret       000000
__Hintsave_regs           intsave_regs 000000
__Hirdata                 irdata       000000
__Hmediumconst            mediumconst  000000
__HnvFARRAM               nvFARRAM     000000
__Hnvbit                  nvbit        000000
__Hnvrram                 nvrram       000000
__Hparam                  rparam       000000
__Hpowerup                powerup      000000
__Hram                    ram          000000
__Hramtop                 ramtop       000800
__Hrbit                   rbit         000000
__Hrbss                   rbss         000000
__Hrdata                  rdata        000000
__Hreset_vec              reset_vec    000000
__Hrparam                 rparam       000000
__Hsfr                    sfr          000000
__Hsmallconst             smallconst   000810
__Hspace_0                (abs)        000CF2
__Hspace_1                (abs)        000046
__Hspace_2                (abs)        000000
__Hspace_4                (abs)        60000E
__Hstack                  stack        000000
__Hstruct                 struct       000000
__Htemp                   temp         000000
__Htext                   text         000000
__Htext0                  text0        000000
__Htext1                  text1        000000
__Htext10                 text10       000000
__Htext11                 text11       000000
__Htext12                 text12       000000
__Htext13                 text13       000000
__Htext14                 text14       000000
__Htext2                  text2        000000
__Htext3                  text3        000000
__Htext4                  text4        000000
__Htext5                  text5        000000
__Htext6                  text6        000000
__Htext7                  text7        000000
__Htext8                  text8        000000
__Htext9                  text9        000000
__LRAM                    (abs)        000001
__L__absolute__           __absolute__ 000000
__Labs1                   abs1         000000
__Lbank0                  bank0        000000
__Lbank1                  bank1        000000
__Lbank2                  bank2        000000
__Lbank3                  bank3        000000
__Lbank4                  bank4        000000
__Lbank5                  bank5        000000
__Lbank6                  bank6        000000
__Lbank7                  bank7        000000
__Lbigbss                 bigbss       000000
__Lbigdata                bigdata      000000
__Lbigram                 bigram       000000
__Lbigsfr                 bigsfr       000000
__Lbss                    bss          000000
__LbssCOMRAM              bssCOMRAM    000000
__Lcinit                  cinit        000000
__Lclrtext                clrtext      000000
__Lcomram                 comram       000000
__Lconfig                 config       000000
__Lconst                  const        000000
__LcstackCOMRAM           cstackCOMRAM 000000
__Ldata                   data         000000
__LdataCOMRAM             dataCOMRAM   000000
__Leeprom_data            eeprom_data  000000
__Lfarbss                 farbss       000000
__Lfardata                fardata      000000
__Lheap                   heap         000000
__Libigdata               ibigdata     000000
__Lidata                  idata        000000
__LidataCOMRAM            idataCOMRAM  000000
__Lidloc                  idloc        000000
__Lifardata               ifardata     000000
__Linit                   init         000000
__Lintcode                intcode      000000
__Lintcode_body           intcode_body 000000
__Lintcodelo              intcodelo    000000
__Lintentry               intentry     000000
__Lintret                 intret       000000
__Lintsave_regs           intsave_regs 000000
__Lirdata                 irdata       000000
__Lmediumconst            mediumconst  000000
__LnvFARRAM               nvFARRAM     000000
__Lnvbit                  nvbit        000000
__Lnvrram                 nvrram       000000
__Lparam                  rparam       000000
__Lpowerup                powerup      000000
__Lram                    ram          000000
__Lramtop                 ramtop       000800
__Lrbit                   rbit         000000
__Lrbss                   rbss         000000
__Lrdata                  rdata        000000
__Lreset_vec              reset_vec    000000
__Lrparam                 rparam       000000
__Lsfr                    sfr          000000
__Lsmallconst             smallconst   000800
__Lspace_0                (abs)        000000
__Lspace_1                (abs)        000000
__Lspace_2                (abs)        000000
__Lspace_4                (abs)        000000
__Lstack                  stack        000000
__Lstruct                 struct       000000
__Ltemp                   temp         000000
__Ltext                   text         000000
__Ltext0                  text0        000000
__Ltext1                  text1        000000
__Ltext10                 text10       000000
__Ltext11                 text11       000000
__Ltext12                 text12       000000
__Ltext13                 text13       000000
__Ltext14                 text14       000000
__Ltext2                  text2        000000
__Ltext3                  text3        000000
__Ltext4                  text4        000000
__Ltext5                  text5        000000
__Ltext6                  text6        000000
__Ltext7                  text7        000000
__Ltext8                  text8        000000
__Ltext9                  text9        000000
__S0                      (abs)        000CF2
__S1                      (abs)        000046
__S4                      (abs)        000000
__S5                      (abs)        000000
___heap_hi                (abs)        000000
___heap_lo                (abs)        000000
___inthi_sp               stack        000000
___inthi_stack_hi         stack        000000
___inthi_stack_lo         stack        000000
___intlo_sp               stack        000000
___intlo_stack_hi         stack        000000
___intlo_stack_lo         stack        000000
___param_bank             (abs)        000000
___rparam_used            (abs)        000001
___sp                     stack        000000
___stack_hi               stack        000000
___stack_lo               stack        000000
___wmul                   text4        000C6A
___wmul@multiplicand      cstackCOMRAM 000003
___wmul@multiplier        cstackCOMRAM 000001
___wmul@product           cstackCOMRAM 000005
__accesstop               (abs)        000060
__activetblptr            (abs)        000002
__end_of_ADC_Init         text7        000CF2
__end_of_LCD_Clear        text12       000CA8
__end_of_LCD_Command      text13       000C00
__end_of_LCD_Init         text6        000B40
__end_of_LCD_Set_Cursor   text11       000B90
__end_of_LCD_Write_Char   text10       000BC8
__end_of_LCD_Write_Nibble text14       000AD4
__end_of_LCD_Write_String text9        000C6A
__end_of___wmul           text4        000C90
__end_of__initialization  cinit        000C2C
__end_of_bajarPluma       text8        000CEA
__end_of_inicializar      text5        000CCC
__end_of_leerPIN          text3        0009EC
__end_of_levantarPluma    text2        000CE0
__end_of_main             text0        000A60
__end_of_togglePluma      text1        000CD6
__initialization          cinit        000C00
__mediumconst             mediumconst  000000
__pbssCOMRAM              bssCOMRAM    000021
__pcinit                  cinit        000C00
__pcstackCOMRAM           cstackCOMRAM 000001
__pdataCOMRAM             dataCOMRAM   000034
__pidataCOMRAM            idataCOMRAM  000CA8
__psmallconst             smallconst   000800
__ptext0                  text0        0009EC
__ptext1                  text1        000CCC
__ptext10                 text10       000B90
__ptext11                 text11       000B40
__ptext12                 text12       000C90
__ptext13                 text13       000BC8
__ptext14                 text14       000A60
__ptext2                  text2        000CD6
__ptext3                  text3        000810
__ptext4                  text4        000C6A
__ptext5                  text5        000CBA
__ptext6                  text6        000AD4
__ptext7                  text7        000CEA
__ptext8                  text8        000CE0
__ptext9                  text9        000C36
__ramtop                  ramtop       000800
__smallconst              smallconst   000800
_bajarPluma               text8        000CE0
_inicializar              text5        000CBA
_leerPIN                  text3        000810
_levantarPluma            text2        000CD6
_main                     text0        0009EC
_mensaje_lcd              bssCOMRAM    000021
_togglePluma              text1        000CCC
end_of_initialization     cinit        000C2C
intlevel0                 text         000000
intlevel1                 text         000000
intlevel2                 text         000000
intlevel3                 text         000000
isa$std                   (abs)        000001
isa$xinst                 (abs)        000000
leerPIN@F3238             dataCOMRAM   000034
leerPIN@columna           cstackCOMRAM 00001D
leerPIN@fila              cstackCOMRAM 00001F
leerPIN@pinIngresado      cstackCOMRAM 00001B
leerPIN@teclas            cstackCOMRAM 00000B
stackhi                   (abs)        000000
stacklo                   (abs)        000000
start                     init         000000
start_initialization      cinit        000C00


MODULE INFORMATION

Module		Function		Class		Link	Load	Size
C:\Program Files\Microchip\xc8\v2.45\pic\sources\c99\common\Umul16.c
		___wmul        		CODE           	0C6A	0000	38

C:\Program Files\Microchip\xc8\v2.45\pic\sources\c99\common\Umul16.c estimated size: 38

C:/Users/D DORANTES/OneDrive/Desktop/MPLAB ejercicios/Examen3/Examen3.X/main.c
		_LCD_Init      		CODE           	0AD4	0000	108
		_leerPIN       		CODE           	0810	0000	476
		_LCD_Write_Char		CODE           	0B90	0000	56
		_LCD_Command   		CODE           	0BC8	0000	56
		_main          		CODE           	09EC	0000	116
		_inicializar   		CODE           	0CBA	0000	18
		_togglePluma   		CODE           	0CCC	0000	10
		_levantarPluma 		CODE           	0CD6	0000	10
		_LCD_Set_Cursor		CODE           	0B40	0000	80
		_bajarPluma    		CODE           	0CE0	0000	10
		_LCD_Clear     		CODE           	0C90	0000	24
		_ADC_Init      		CODE           	0CEA	0000	8
		_LCD_Write_Nibble		CODE           	0A60	0000	116
		_LCD_Write_String		CODE           	0C36	0000	52

C:/Users/D DORANTES/OneDrive/Desktop/MPLAB ejercicios/Examen3/Examen3.X/main.c estimated size: 1140

shared
		__initialization		CODE           	0C00	0000	44

shared estimated size: 44

